 Image crmtechnologies-backend Building 
#1 [internal] load local bake definitions
#1 reading from stdin 607B done
#1 DONE 0.0s

#2 [internal] load build definition from Dockerfile
#2 transferring dockerfile: 1.29kB 0.0s done
#2 DONE 0.1s

#3 [internal] load metadata for docker.io/library/node:20-alpine
#3 DONE 1.4s

#4 [internal] load .dockerignore
#4 transferring context: 180B 0.0s done
#4 DONE 0.0s

#5 [internal] load build context
#5 DONE 0.0s

#6 [builder 1/6] FROM docker.io/library/node:20-alpine@sha256:f598378b5240225e6beab68fa9f356db1fb8efe55173e6d4d8153113bb8f333c
#6 resolve docker.io/library/node:20-alpine@sha256:f598378b5240225e6beab68fa9f356db1fb8efe55173e6d4d8153113bb8f333c 0.1s done
#6 DONE 0.1s

#5 [internal] load build context
#5 transferring context: 2.37kB 0.0s done
#5 DONE 0.1s

#7 [runner 10/12] RUN mkdir -p uploads/dealer-docs
#7 CACHED

#8 [runner  6/12] COPY --from=builder /app/medusa-config.ts ./
#8 CACHED

#9 [builder 5/6] COPY . .
#9 CACHED

#10 [runner  9/12] COPY --from=builder /app/.medusa/server/public/admin ./public/admin
#10 CACHED

#11 [builder 6/6] RUN npx medusa build
#11 CACHED

#12 [builder 2/6] WORKDIR /app
#12 CACHED

#13 [runner 11/12] COPY --from=builder /app/docker-entrypoint.sh ./
#13 CACHED

#14 [runner  5/12] COPY --from=builder /app/package*.json ./
#14 CACHED

#15 [runner  8/12] COPY --from=builder /app/src ./src
#15 CACHED

#16 [runner  4/12] COPY --from=builder /app/node_modules ./node_modules
#16 CACHED

#17 [runner  3/12] COPY --from=builder /app/.medusa ./.medusa
#17 CACHED

#18 [runner  7/12] COPY --from=builder /app/tsconfig.json ./
#18 CACHED

#19 [builder 3/6] COPY package*.json ./
#19 CACHED

#20 [builder 4/6] RUN npm ci
#20 CACHED

#21 [runner 12/12] RUN chmod +x docker-entrypoint.sh
#21 CACHED

#22 exporting to image
#22 exporting layers 0.1s done
#22 exporting manifest sha256:bdf1b40e05338f722307c3d1ac00968da0c18a447b6ecb64dde6e229cf8de822 done
#22 exporting config sha256:9e5e127197b72b77e1a4666e5b13005d4b35a83cb5a7fc0eb0480b4fa8d9ac75 done
#22 exporting attestation manifest sha256:daecd897a798bcc367e5464707f4901e00db804806b627e07991dd142fc9d882
#22 exporting attestation manifest sha256:daecd897a798bcc367e5464707f4901e00db804806b627e07991dd142fc9d882 0.1s done
#22 exporting manifest list sha256:ce60e144c3d25e2d3b59270281b31dcbe35f586013d64d1b1a7e4ceead693a4d 0.0s done
#22 naming to docker.io/library/crmtechnologies-backend:latest
#22 naming to docker.io/library/crmtechnologies-backend:latest done
#22 unpacking to docker.io/library/crmtechnologies-backend:latest 0.1s done
#22 DONE 0.6s

#23 resolving provenance for metadata file
#23 DONE 0.1s
 Image crmtechnologies-backend Built 
 Container crm-redis Running 
 Container crm-postgres Running 
 Container crm-backend Recreate 
 Container crm-backend Recreated 
 Container crm-postgres Waiting 
 Container crm-redis Waiting 
 Container crm-redis Healthy 
 Container crm-postgres Healthy 
 Container crm-backend Starting 
 Container crm-backend Started 
